// Jest Snapshot v1, https://goo.gl/fbAQLP

exports[`FlightCard renders correctly 1`] = `
ShallowWrapper {
  "length": 1,
  Symbol(enzyme.__root__): [Circular],
  Symbol(enzyme.__unrendered__): <MemoryRouter>
    <FlightCard
      departure="22/10/2017"
      description={
        Object {
          "flyFrom": "BCN",
          "flyTo": "ORY",
          "price": 285,
        }
      }
      index={3}
      loading={true}
      returning="28/10/2017"
      title="From Barcelona to París"
    />
  </MemoryRouter>,
  Symbol(enzyme.__renderer__): Object {
    "batchedUpdates": [Function],
    "getNode": [Function],
    "render": [Function],
    "simulateEvent": [Function],
    "unmount": [Function],
  },
  Symbol(enzyme.__node__): Object {
    "instance": null,
    "key": undefined,
    "nodeType": "class",
    "props": Object {
      "children": <FlightCard
        departure="22/10/2017"
        description={
          Object {
            "flyFrom": "BCN",
            "flyTo": "ORY",
            "price": 285,
          }
        }
        index={3}
        loading={true}
        returning="28/10/2017"
        title="From Barcelona to París"
      />,
      "history": Object {
        "action": "POP",
        "block": [Function],
        "canGo": [Function],
        "createHref": [Function],
        "entries": Array [
          Object {
            "hash": "",
            "key": "a1gi83",
            "pathname": "/",
            "search": "",
            "state": undefined,
          },
        ],
        "go": [Function],
        "goBack": [Function],
        "goForward": [Function],
        "index": 0,
        "length": 1,
        "listen": [Function],
        "location": Object {
          "hash": "",
          "key": "a1gi83",
          "pathname": "/",
          "search": "",
          "state": undefined,
        },
        "push": [Function],
        "replace": [Function],
      },
    },
    "ref": null,
    "rendered": Object {
      "instance": null,
      "key": undefined,
      "nodeType": "function",
      "props": Object {
        "departure": "22/10/2017",
        "description": Object {
          "flyFrom": "BCN",
          "flyTo": "ORY",
          "price": 285,
        },
        "index": 3,
        "loading": true,
        "returning": "28/10/2017",
        "title": "From Barcelona to París",
      },
      "ref": null,
      "rendered": null,
      "type": [Function],
    },
    "type": [Function],
  },
  Symbol(enzyme.__nodes__): Array [
    Object {
      "instance": null,
      "key": undefined,
      "nodeType": "class",
      "props": Object {
        "children": <FlightCard
          departure="22/10/2017"
          description={
            Object {
              "flyFrom": "BCN",
              "flyTo": "ORY",
              "price": 285,
            }
          }
          index={3}
          loading={true}
          returning="28/10/2017"
          title="From Barcelona to París"
        />,
        "history": Object {
          "action": "POP",
          "block": [Function],
          "canGo": [Function],
          "createHref": [Function],
          "entries": Array [
            Object {
              "hash": "",
              "key": "a1gi83",
              "pathname": "/",
              "search": "",
              "state": undefined,
            },
          ],
          "go": [Function],
          "goBack": [Function],
          "goForward": [Function],
          "index": 0,
          "length": 1,
          "listen": [Function],
          "location": Object {
            "hash": "",
            "key": "a1gi83",
            "pathname": "/",
            "search": "",
            "state": undefined,
          },
          "push": [Function],
          "replace": [Function],
        },
      },
      "ref": null,
      "rendered": Object {
        "instance": null,
        "key": undefined,
        "nodeType": "function",
        "props": Object {
          "departure": "22/10/2017",
          "description": Object {
            "flyFrom": "BCN",
            "flyTo": "ORY",
            "price": 285,
          },
          "index": 3,
          "loading": true,
          "returning": "28/10/2017",
          "title": "From Barcelona to París",
        },
        "ref": null,
        "rendered": null,
        "type": [Function],
      },
      "type": [Function],
    },
  ],
  Symbol(enzyme.__options__): Object {
    "adapter": ReactSixteenAdapter {
      "options": Object {
        "enableComponentDidUpdateOnSetState": true,
      },
    },
  },
}
`;
