// Jest Snapshot v1, https://goo.gl/fbAQLP

exports[`ShowFlight renders correctly 1`] = `
ShallowWrapper {
  "length": 1,
  Symbol(enzyme.__root__): [Circular],
  Symbol(enzyme.__unrendered__): <ShowFlight
    match={
      Object {
        "params": Object {
          "query": "flight/flyFrom=BCN&flyTo=BRQ&departure=01-11-2017&returning=06-11-2017",
        },
      }
    }
  />,
  Symbol(enzyme.__renderer__): Object {
    "batchedUpdates": [Function],
    "getNode": [Function],
    "render": [Function],
    "simulateEvent": [Function],
    "unmount": [Function],
  },
  Symbol(enzyme.__node__): Object {
    "instance": null,
    "key": undefined,
    "nodeType": "host",
    "props": Object {
      "children": <Row
        gutter={0}
      >
        <Col
          md={8}
          offset={1}
          xs={18}
        />
        <Col
          md={12}
          offset={1}
          xs={18}
        />
      </Row>,
      "className": "flightContainer",
    },
    "ref": null,
    "rendered": Object {
      "instance": null,
      "key": undefined,
      "nodeType": "class",
      "props": Object {
        "children": Array [
          <Col
            md={8}
            offset={1}
            xs={18}
          />,
          <Col
            md={12}
            offset={1}
            xs={18}
          />,
        ],
        "gutter": 0,
      },
      "ref": null,
      "rendered": Array [
        Object {
          "instance": null,
          "key": undefined,
          "nodeType": "class",
          "props": Object {
            "children": undefined,
            "md": 8,
            "offset": 1,
            "xs": 18,
          },
          "ref": null,
          "rendered": null,
          "type": [Function],
        },
        Object {
          "instance": null,
          "key": undefined,
          "nodeType": "class",
          "props": Object {
            "children": undefined,
            "md": 12,
            "offset": 1,
            "xs": 18,
          },
          "ref": null,
          "rendered": null,
          "type": [Function],
        },
      ],
      "type": [Function],
    },
    "type": "div",
  },
  Symbol(enzyme.__nodes__): Array [
    Object {
      "instance": null,
      "key": undefined,
      "nodeType": "host",
      "props": Object {
        "children": <Row
          gutter={0}
        >
          <Col
            md={8}
            offset={1}
            xs={18}
          />
          <Col
            md={12}
            offset={1}
            xs={18}
          />
        </Row>,
        "className": "flightContainer",
      },
      "ref": null,
      "rendered": Object {
        "instance": null,
        "key": undefined,
        "nodeType": "class",
        "props": Object {
          "children": Array [
            <Col
              md={8}
              offset={1}
              xs={18}
            />,
            <Col
              md={12}
              offset={1}
              xs={18}
            />,
          ],
          "gutter": 0,
        },
        "ref": null,
        "rendered": Array [
          Object {
            "instance": null,
            "key": undefined,
            "nodeType": "class",
            "props": Object {
              "children": undefined,
              "md": 8,
              "offset": 1,
              "xs": 18,
            },
            "ref": null,
            "rendered": null,
            "type": [Function],
          },
          Object {
            "instance": null,
            "key": undefined,
            "nodeType": "class",
            "props": Object {
              "children": undefined,
              "md": 12,
              "offset": 1,
              "xs": 18,
            },
            "ref": null,
            "rendered": null,
            "type": [Function],
          },
        ],
        "type": [Function],
      },
      "type": "div",
    },
  ],
  Symbol(enzyme.__options__): Object {
    "adapter": ReactSixteenAdapter {
      "options": Object {
        "enableComponentDidUpdateOnSetState": true,
      },
    },
  },
}
`;
