// Jest Snapshot v1, https://goo.gl/fbAQLP

exports[`NavBar NavBar renders correctly 1`] = `
ShallowWrapper {
  "length": 1,
  Symbol(enzyme.__root__): [Circular],
  Symbol(enzyme.__unrendered__): <Navbar />,
  Symbol(enzyme.__renderer__): Object {
    "batchedUpdates": [Function],
    "getNode": [Function],
    "render": [Function],
    "simulateEvent": [Function],
    "unmount": [Function],
  },
  Symbol(enzyme.__node__): Object {
    "instance": null,
    "key": undefined,
    "nodeType": "class",
    "props": Object {
      "children": <MenuItem>
        <Link
          replace={false}
          to="/"
        >
          <Icon
            type="home"
          />
           Home
        </Link>
      </MenuItem>,
      "className": "",
      "mode": "horizontal",
      "prefixCls": "ant-menu",
      "theme": "light",
    },
    "ref": null,
    "rendered": Object {
      "instance": null,
      "key": undefined,
      "nodeType": "class",
      "props": Object {
        "children": <Link
          replace={false}
          to="/"
        >
          <Icon
            type="home"
          />
           Home
        </Link>,
      },
      "ref": null,
      "rendered": Object {
        "instance": null,
        "key": undefined,
        "nodeType": "class",
        "props": Object {
          "children": Array [
            <Icon
              type="home"
            />,
            " Home",
          ],
          "replace": false,
          "to": "/",
        },
        "ref": null,
        "rendered": Array [
          Object {
            "instance": null,
            "key": undefined,
            "nodeType": "function",
            "props": Object {
              "type": "home",
            },
            "ref": null,
            "rendered": null,
            "type": [Function],
          },
          " Home",
        ],
        "type": [Function],
      },
      "type": [Function],
    },
    "type": [Function],
  },
  Symbol(enzyme.__nodes__): Array [
    Object {
      "instance": null,
      "key": undefined,
      "nodeType": "class",
      "props": Object {
        "children": <MenuItem>
          <Link
            replace={false}
            to="/"
          >
            <Icon
              type="home"
            />
             Home
          </Link>
        </MenuItem>,
        "className": "",
        "mode": "horizontal",
        "prefixCls": "ant-menu",
        "theme": "light",
      },
      "ref": null,
      "rendered": Object {
        "instance": null,
        "key": undefined,
        "nodeType": "class",
        "props": Object {
          "children": <Link
            replace={false}
            to="/"
          >
            <Icon
              type="home"
            />
             Home
          </Link>,
        },
        "ref": null,
        "rendered": Object {
          "instance": null,
          "key": undefined,
          "nodeType": "class",
          "props": Object {
            "children": Array [
              <Icon
                type="home"
              />,
              " Home",
            ],
            "replace": false,
            "to": "/",
          },
          "ref": null,
          "rendered": Array [
            Object {
              "instance": null,
              "key": undefined,
              "nodeType": "function",
              "props": Object {
                "type": "home",
              },
              "ref": null,
              "rendered": null,
              "type": [Function],
            },
            " Home",
          ],
          "type": [Function],
        },
        "type": [Function],
      },
      "type": [Function],
    },
  ],
  Symbol(enzyme.__options__): Object {
    "adapter": ReactSixteenAdapter {
      "options": Object {
        "enableComponentDidUpdateOnSetState": true,
      },
    },
  },
}
`;
