// Jest Snapshot v1, https://goo.gl/fbAQLP

exports[`Main renders correctly 1`] = `
ShallowWrapper {
  "length": 1,
  Symbol(enzyme.__root__): [Circular],
  Symbol(enzyme.__unrendered__): <Main />,
  Symbol(enzyme.__renderer__): Object {
    "batchedUpdates": [Function],
    "getNode": [Function],
    "render": [Function],
    "simulateEvent": [Function],
    "unmount": [Function],
  },
  Symbol(enzyme.__node__): Object {
    "instance": null,
    "key": undefined,
    "nodeType": "host",
    "props": Object {
      "children": Array [
        <SearchForm
          handleChange={[Function]}
          handleDates={[Function]}
          handleSubmit={[Function]}
        />,
        <Row
          gutter={0}
        >
          <Col
            className="spacePagination"
            offset={2}
            sm={19}
          >
            <_a
              className="pagination"
              current={1}
              defaultCurrent={1}
              onChange={[Function]}
              prefixCls="ant-pagination"
              selectPrefixCls="ant-select"
              total={0}
            />
            <h3>
              Total Results: 
              0
            </h3>
          </Col>
        </Row>,
        <Row
          gutter={14}
        />,
      ],
    },
    "ref": null,
    "rendered": Array [
      Object {
        "instance": null,
        "key": undefined,
        "nodeType": "function",
        "props": Object {
          "handleChange": [Function],
          "handleDates": [Function],
          "handleSubmit": [Function],
        },
        "ref": null,
        "rendered": null,
        "type": [Function],
      },
      Object {
        "instance": null,
        "key": undefined,
        "nodeType": "class",
        "props": Object {
          "children": <Col
            className="spacePagination"
            offset={2}
            sm={19}
          >
            <_a
              className="pagination"
              current={1}
              defaultCurrent={1}
              onChange={[Function]}
              prefixCls="ant-pagination"
              selectPrefixCls="ant-select"
              total={0}
            />
            <h3>
              Total Results: 
              0
            </h3>
          </Col>,
          "gutter": 0,
        },
        "ref": null,
        "rendered": Object {
          "instance": null,
          "key": undefined,
          "nodeType": "class",
          "props": Object {
            "children": Array [
              <_a
                className="pagination"
                current={1}
                defaultCurrent={1}
                onChange={[Function]}
                prefixCls="ant-pagination"
                selectPrefixCls="ant-select"
                total={0}
              />,
              <h3>
                Total Results: 
                0
              </h3>,
            ],
            "className": "spacePagination",
            "offset": 2,
            "sm": 19,
          },
          "ref": null,
          "rendered": Array [
            Object {
              "instance": null,
              "key": undefined,
              "nodeType": "class",
              "props": Object {
                "className": "pagination",
                "current": 1,
                "defaultCurrent": 1,
                "onChange": [Function],
                "prefixCls": "ant-pagination",
                "selectPrefixCls": "ant-select",
                "total": 0,
              },
              "ref": null,
              "rendered": null,
              "type": [Function],
            },
            Object {
              "instance": null,
              "key": undefined,
              "nodeType": "host",
              "props": Object {
                "children": Array [
                  "Total Results: ",
                  0,
                ],
              },
              "ref": null,
              "rendered": Array [
                "Total Results: ",
                0,
              ],
              "type": "h3",
            },
          ],
          "type": [Function],
        },
        "type": [Function],
      },
      Object {
        "instance": null,
        "key": undefined,
        "nodeType": "class",
        "props": Object {
          "children": Array [],
          "gutter": 14,
        },
        "ref": null,
        "rendered": Array [],
        "type": [Function],
      },
    ],
    "type": "div",
  },
  Symbol(enzyme.__nodes__): Array [
    Object {
      "instance": null,
      "key": undefined,
      "nodeType": "host",
      "props": Object {
        "children": Array [
          <SearchForm
            handleChange={[Function]}
            handleDates={[Function]}
            handleSubmit={[Function]}
          />,
          <Row
            gutter={0}
          >
            <Col
              className="spacePagination"
              offset={2}
              sm={19}
            >
              <_a
                className="pagination"
                current={1}
                defaultCurrent={1}
                onChange={[Function]}
                prefixCls="ant-pagination"
                selectPrefixCls="ant-select"
                total={0}
              />
              <h3>
                Total Results: 
                0
              </h3>
            </Col>
          </Row>,
          <Row
            gutter={14}
          />,
        ],
      },
      "ref": null,
      "rendered": Array [
        Object {
          "instance": null,
          "key": undefined,
          "nodeType": "function",
          "props": Object {
            "handleChange": [Function],
            "handleDates": [Function],
            "handleSubmit": [Function],
          },
          "ref": null,
          "rendered": null,
          "type": [Function],
        },
        Object {
          "instance": null,
          "key": undefined,
          "nodeType": "class",
          "props": Object {
            "children": <Col
              className="spacePagination"
              offset={2}
              sm={19}
            >
              <_a
                className="pagination"
                current={1}
                defaultCurrent={1}
                onChange={[Function]}
                prefixCls="ant-pagination"
                selectPrefixCls="ant-select"
                total={0}
              />
              <h3>
                Total Results: 
                0
              </h3>
            </Col>,
            "gutter": 0,
          },
          "ref": null,
          "rendered": Object {
            "instance": null,
            "key": undefined,
            "nodeType": "class",
            "props": Object {
              "children": Array [
                <_a
                  className="pagination"
                  current={1}
                  defaultCurrent={1}
                  onChange={[Function]}
                  prefixCls="ant-pagination"
                  selectPrefixCls="ant-select"
                  total={0}
                />,
                <h3>
                  Total Results: 
                  0
                </h3>,
              ],
              "className": "spacePagination",
              "offset": 2,
              "sm": 19,
            },
            "ref": null,
            "rendered": Array [
              Object {
                "instance": null,
                "key": undefined,
                "nodeType": "class",
                "props": Object {
                  "className": "pagination",
                  "current": 1,
                  "defaultCurrent": 1,
                  "onChange": [Function],
                  "prefixCls": "ant-pagination",
                  "selectPrefixCls": "ant-select",
                  "total": 0,
                },
                "ref": null,
                "rendered": null,
                "type": [Function],
              },
              Object {
                "instance": null,
                "key": undefined,
                "nodeType": "host",
                "props": Object {
                  "children": Array [
                    "Total Results: ",
                    0,
                  ],
                },
                "ref": null,
                "rendered": Array [
                  "Total Results: ",
                  0,
                ],
                "type": "h3",
              },
            ],
            "type": [Function],
          },
          "type": [Function],
        },
        Object {
          "instance": null,
          "key": undefined,
          "nodeType": "class",
          "props": Object {
            "children": Array [],
            "gutter": 14,
          },
          "ref": null,
          "rendered": Array [],
          "type": [Function],
        },
      ],
      "type": "div",
    },
  ],
  Symbol(enzyme.__options__): Object {
    "adapter": ReactSixteenAdapter {
      "options": Object {
        "enableComponentDidUpdateOnSetState": true,
      },
    },
  },
}
`;
